2026-09-13 16:04:44,683 - INFO - Data processing pipeline started
2026-09-13 16:04:44,691 - INFO - Input CSV file created
2026-09-13 16:04:44,696 - INFO - Missing values handled
2026-09-13 16:04:44,699 - INFO - Data types converted
2026-09-13 16:04:44,713 - INFO - Cleaned output CSV created
2026-09-13 16:04:44,714 - INFO - Data processing pipeline completed
2026-09-15 19:15:08,752 - INFO - Data processing pipeline started
2026-09-15 19:15:08,759 - INFO - Input CSV file created
2026-09-15 19:15:08,764 - INFO - Missing values handled
2026-09-15 19:15:08,765 - INFO - Data types converted
2026-09-15 19:15:08,773 - INFO - Cleaned output CSV created
2026-09-15 19:15:08,774 - INFO - Data processing pipeline completed
2026-09-15 19:17:34,888 - INFO - Data processing pipeline started
2026-09-15 19:17:34,893 - INFO - Input CSV file created
2026-09-15 19:17:34,896 - INFO - Missing values handled
2026-09-15 19:17:34,897 - INFO - Data types converted
2026-09-15 19:17:34,902 - INFO - Cleaned output CSV created
2026-09-15 19:17:34,902 - INFO - Data processing pipeline completed
2026-09-15 19:20:31,765 - INFO - Data processing pipeline started
2026-09-15 19:20:31,771 - INFO - Input CSV file created
2026-09-15 19:20:31,775 - INFO - Missing values handled
2026-09-15 19:20:31,776 - INFO - Data types converted
2026-09-15 19:20:31,781 - INFO - Cleaned output CSV created
2026-09-15 19:20:31,782 - INFO - Data processing pipeline completed
2026-09-15 19:20:56,162 - INFO - Data processing pipeline started
2026-09-15 19:20:56,166 - INFO - Input CSV file created
2026-09-15 19:20:56,170 - INFO - Missing values handled
2026-09-15 19:20:56,170 - INFO - Data types converted
2026-09-15 19:20:56,174 - INFO - Cleaned output CSV created
2026-09-15 19:20:56,175 - INFO - Data processing pipeline completed
2026-09-15 19:21:37,449 - INFO - Data processing pipeline started
2026-09-15 19:21:37,454 - INFO - Input CSV file created
2026-09-15 19:21:37,457 - INFO - Missing values handled
2026-09-15 19:21:37,457 - INFO - Data types converted
2026-09-15 19:21:37,462 - INFO - Cleaned output CSV created
2026-09-15 19:21:37,462 - INFO - Data processing pipeline completed
2026-09-15 19:24:17,116 - INFO - Data processing pipeline started
2026-09-15 19:24:17,131 - INFO - Input CSV file created
2026-09-15 19:24:17,136 - INFO - Missing values handled
2026-09-15 19:24:17,137 - INFO - Data types converted
2026-09-15 19:24:17,144 - INFO - Cleaned output CSV created
2026-09-15 19:24:17,145 - INFO - Data processing pipeline completed
